﻿
> portfolio-app@0.0.0 build
> vite build

[36mvite v5.4.21 [32mbuilding for production...[36m[39m
transforming...
[32mΓ£ô[39m 4 modules transformed.
node.exe : [31mx[39m 
Build failed in 1.10s
At line:1 char:1
+ & "C:\Program 
Files\nodejs/node.exe" 
"C:\Users\HomePC\AppDat
a\Roaming ...
+ ~~~~~~~~~~~~~~~~~~~~~
~~~~~~~~~~~~~~~~~~~~~~~
~~~~~~~~~~~~~~~~~~~~~~~
~~
    + CategoryInfo     
         : NotSpecifi  
  ed: ([31mx[39m B   
 uild failed in 1.1    
0s:String) [], Rem    
oteException
    + FullyQualifiedEr 
   rorId : NativeComm  
  andError
 
[31merror during 
build:
[31m[vite:css] 
[postcss] C:/Users/Home
PC/Documents/DEV/PORTFO
LIO-APP/src/styles/glob
al.css:21:5: The 
`from-primary-400` 
class does not exist. 
If `from-primary-400` 
is a custom class, 
make sure it is 
defined within a 
`@layer` 
directive.[31m
file: [36mC:/Users/Hom
ePC/Documents/DEV/PORTF
OLIO-APP/src/styles/glo
bal.css:21:4[31m
    at Input.error (C:\
Users\HomePC\Documents\
DEV\PORTFOLIO-APP\node_
modules\postcss\lib\inp
ut.js:135:16)
    at AtRule.error (C:
\Users\HomePC\Documents
\DEV\PORTFOLIO-APP\node
_modules\postcss\lib\no
de.js:146:32)
    at processApply (C:
\Users\HomePC\Documents
\DEV\PORTFOLIO-APP\node
_modules\tailwindcss\li
b\lib\expandApplyAtRule
s.js:380:29)
    at C:\Users\HomePC\
Documents\DEV\PORTFOLIO
-APP\node_modules\tailw
indcss\lib\lib\expandAp
plyAtRules.js:551:9
    at C:\Users\HomePC\
Documents\DEV\PORTFOLIO
-APP\node_modules\tailw
indcss\lib\processTailw
indFeatures.js:55:50
    at async plugins (C
:\Users\HomePC\Document
s\DEV\PORTFOLIO-APP\nod
e_modules\tailwindcss\l
ib\plugin.js:38:17)
    at async 
LazyResult.runAsync (C:
\Users\HomePC\Documents
\DEV\PORTFOLIO-APP\node
_modules\postcss\lib\la
zy-result.js:293:11)
    at async 
compileCSS (file:///C:/
Users/HomePC/Documents/
DEV/PORTFOLIO-APP/node_
modules/vite/dist/node/
chunks/dep-BK3b2jBa.js:
36898:21)
    at async 
Object.transform (file:
///C:/Users/HomePC/Docu
ments/DEV/PORTFOLIO-APP
/node_modules/vite/dist
/node/chunks/dep-BK3b2j
Ba.js:36171:11)
    at async transform 
(file:///C:/Users/HomeP
C/Documents/DEV/PORTFOL
IO-APP/node_modules/rol
lup/dist/es/shared/node
-entry.js:21269:16)[39
m
